C:\Program Files (x86)\Microsoft Visual Studio\2019\Community\MSBuild\Microsoft\VC\v160\Microsoft.CppBuild.targets(519,5): warning MSB8028: 중간 디렉터리(Debug\)에 다른 프로젝트(C_TERM.vcxproj)에서 공유하는 파일이 포함되어 있습니다.  이로 인해 잘못된 정리 및 다시 빌드 동작이 수행될 수 있습니다.
  Golden_key.c
  main.c
C:\Users\sinwe\OneDrive\Desktop\C프로젝트 1조 최종본\C 프로젝트 Server\C_TERM\main.c(201,3): warning C4098: 'main': 'void' 함수에서 값을 반환하고 있습니다.
C:\Users\sinwe\OneDrive\Desktop\C프로젝트 1조 최종본\C 프로젝트 Server\C_TERM\main.c(212,17): warning C4098: 'main': 'void' 함수에서 값을 반환하고 있습니다.
C:\Users\sinwe\OneDrive\Desktop\C프로젝트 1조 최종본\C 프로젝트 Server\C_TERM\main.c(223,33): warning C4098: 'main': 'void' 함수에서 값을 반환하고 있습니다.
C:\Users\sinwe\OneDrive\Desktop\C프로젝트 1조 최종본\C 프로젝트 Server\C_TERM\main.c(229,33): warning C4098: 'main': 'void' 함수에서 값을 반환하고 있습니다.
C:\Users\sinwe\OneDrive\Desktop\C프로젝트 1조 최종본\C 프로젝트 Server\C_TERM\main.c(244,33): warning C4098: 'main': 'void' 함수에서 값을 반환하고 있습니다.
C:\Users\sinwe\OneDrive\Desktop\C프로젝트 1조 최종본\C 프로젝트 Server\C_TERM\main.c(386,26): warning C4047: '!=': 'int (__cdecl *)(void)'의 간접 참조 수준이 'int'과(와) 다릅니다.
C:\Users\sinwe\OneDrive\Desktop\C프로젝트 1조 최종본\C 프로젝트 Server\C_TERM\main.c(391,9): warning C4013: 'gets'이(가) 정의되지 않았습니다. extern은 int형을 반환하는 것으로 간주합니다.
C:\Users\sinwe\OneDrive\Desktop\C프로젝트 1조 최종본\C 프로젝트 Server\C_TERM\main.c(993,39): warning C4047: '==': 'int'의 간접 참조 수준이 'void *'과(와) 다릅니다.
C:\Users\sinwe\OneDrive\Desktop\C프로젝트 1조 최종본\C 프로젝트 Server\C_TERM\main.c(1191,39): warning C4047: '==': 'int'의 간접 참조 수준이 'void *'과(와) 다릅니다.
C:\Users\sinwe\OneDrive\Desktop\C프로젝트 1조 최종본\C 프로젝트 Server\C_TERM\main.c(2151,24): warning C4047: '=': 'char'의 간접 참조 수준이 'void *'과(와) 다릅니다.
C:\Users\sinwe\OneDrive\Desktop\C프로젝트 1조 최종본\C 프로젝트 Server\C_TERM\main.c(2253,26): warning C4047: '=': 'int'의 간접 참조 수준이 'void *'과(와) 다릅니다.
C:\Users\sinwe\OneDrive\Desktop\C프로젝트 1조 최종본\C 프로젝트 Server\C_TERM\main.c(2528,24): warning C4047: '=': 'char'의 간접 참조 수준이 'void *'과(와) 다릅니다.
C:\Users\sinwe\OneDrive\Desktop\C프로젝트 1조 최종본\C 프로젝트 Server\C_TERM\main.c(2833,20): warning C4047: '=': 'int'의 간접 참조 수준이 'void *'과(와) 다릅니다.
C:\Users\sinwe\OneDrive\Desktop\C프로젝트 1조 최종본\C 프로젝트 Server\C_TERM\main.c(2968,20): warning C4047: '=': 'int'의 간접 참조 수준이 'void *'과(와) 다릅니다.
C:\Users\sinwe\OneDrive\Desktop\C프로젝트 1조 최종본\C 프로젝트 Server\C_TERM\main.c(3008,20): warning C4047: '=': 'int'의 간접 참조 수준이 'void *'과(와) 다릅니다.
C:\Users\sinwe\OneDrive\Desktop\C프로젝트 1조 최종본\C 프로젝트 Server\C_TERM\main.c(3238,20): warning C4047: '=': 'int'의 간접 참조 수준이 'void *'과(와) 다릅니다.
C:\Users\sinwe\OneDrive\Desktop\C프로젝트 1조 최종본\C 프로젝트 Server\C_TERM\main.c(3349,20): warning C4047: '=': 'int'의 간접 참조 수준이 'void *'과(와) 다릅니다.
C:\Users\sinwe\OneDrive\Desktop\C프로젝트 1조 최종본\C 프로젝트 Server\C_TERM\main.c(3437,27): warning C4047: '=': 'int'의 간접 참조 수준이 'void *'과(와) 다릅니다.
C:\Users\sinwe\OneDrive\Desktop\C프로젝트 1조 최종본\C 프로젝트 Server\C_TERM\main.c(3438,27): warning C4047: '=': 'int'의 간접 참조 수준이 'void *'과(와) 다릅니다.
C:\Users\sinwe\OneDrive\Desktop\C프로젝트 1조 최종본\C 프로젝트 Server\C_TERM\main.c(3439,30): warning C4047: '=': 'int'의 간접 참조 수준이 'void *'과(와) 다릅니다.
C:\Users\sinwe\OneDrive\Desktop\C프로젝트 1조 최종본\C 프로젝트 Server\C_TERM\main.c(3440,27): warning C4047: '=': 'int'의 간접 참조 수준이 'void *'과(와) 다릅니다.
C:\Users\sinwe\OneDrive\Desktop\C프로젝트 1조 최종본\C 프로젝트 Server\C_TERM\main.c(3554,20): warning C4047: '=': 'int'의 간접 참조 수준이 'void *'과(와) 다릅니다.
C:\Users\sinwe\OneDrive\Desktop\C프로젝트 1조 최종본\C 프로젝트 Server\C_TERM\main.c(3699,27): warning C4047: '=': 'int'의 간접 참조 수준이 'void *'과(와) 다릅니다.
C:\Users\sinwe\OneDrive\Desktop\C프로젝트 1조 최종본\C 프로젝트 Server\C_TERM\main.c(3700,27): warning C4047: '=': 'int'의 간접 참조 수준이 'void *'과(와) 다릅니다.
C:\Users\sinwe\OneDrive\Desktop\C프로젝트 1조 최종본\C 프로젝트 Server\C_TERM\main.c(3701,30): warning C4047: '=': 'int'의 간접 참조 수준이 'void *'과(와) 다릅니다.
C:\Users\sinwe\OneDrive\Desktop\C프로젝트 1조 최종본\C 프로젝트 Server\C_TERM\main.c(3702,27): warning C4047: '=': 'int'의 간접 참조 수준이 'void *'과(와) 다릅니다.
C:\Users\sinwe\OneDrive\Desktop\C프로젝트 1조 최종본\C 프로젝트 Server\C_TERM\main.c(3761,25): warning C4047: '!=': 'int'의 간접 참조 수준이 'void *'과(와) 다릅니다.
C:\Users\sinwe\OneDrive\Desktop\C프로젝트 1조 최종본\C 프로젝트 Server\C_TERM\main.c(3790,29): warning C4047: '!=': 'int'의 간접 참조 수준이 'void *'과(와) 다릅니다.
C:\Users\sinwe\OneDrive\Desktop\C프로젝트 1조 최종본\C 프로젝트 Server\C_TERM\main.c(3862,4): warning C4098: 'main': 'void' 함수에서 값을 반환하고 있습니다.
C:\Users\sinwe\OneDrive\Desktop\C프로젝트 1조 최종본\C 프로젝트 Server\C_TERM\main.c(269,1): warning C4047: '초기화 중': 'int'의 간접 참조 수준이 'void *'과(와) 다릅니다.
C:\Users\sinwe\OneDrive\Desktop\C프로젝트 1조 최종본\C 프로젝트 Server\C_TERM\main.c(280,1): warning C4047: '초기화 중': 'int'의 간접 참조 수준이 'void *'과(와) 다릅니다.
C:\Users\sinwe\OneDrive\Desktop\C프로젝트 1조 최종본\C 프로젝트 Server\C_TERM\main.c(281,1): warning C4047: '초기화 중': 'int'의 간접 참조 수준이 'void *'과(와) 다릅니다.
C:\Users\sinwe\OneDrive\Desktop\C프로젝트 1조 최종본\C 프로젝트 Server\C_TERM\main.c(307,7): warning C4101: 'OEKEY_buf' :참조되지 않은 지역 변수입니다.
C:\Users\sinwe\OneDrive\Desktop\C프로젝트 1조 최종본\C 프로젝트 Server\C_TERM\main.c(186,13): warning C4101: 'cs' :참조되지 않은 지역 변수입니다.
  Zone.c
C:\Users\sinwe\OneDrive\Desktop\C프로젝트 1조 최종본\C 프로젝트 Server\C_TERM\Zone.c(29,22): warning C4047: '=': 'int'의 간접 참조 수준이 'void *'과(와) 다릅니다.
  코드를 생성하고 있습니다...
  C_TERM.vcxproj -> C:\Users\sinwe\OneDrive\Desktop\C프로젝트 1조 최종본\C 프로젝트 Server\Debug\C_TERM Server.exe
