c:\users\217wj\desktop\1조 c팀프로젝트 최종\c 프로젝트 소스파일\c 프로젝트 server\c_term\debug\vc142.pdb
c:\users\217wj\desktop\1조 c팀프로젝트 최종\c 프로젝트 소스파일\c 프로젝트 server\c_term\debug\vc142.idb
c:\users\217wj\desktop\1조 c팀프로젝트 최종\c 프로젝트 소스파일\c 프로젝트 server\c_term\debug\zone.obj
c:\users\217wj\desktop\1조 c팀프로젝트 최종\c 프로젝트 소스파일\c 프로젝트 server\c_term\debug\main.obj
c:\users\217wj\desktop\1조 c팀프로젝트 최종\c 프로젝트 소스파일\c 프로젝트 server\c_term\debug\golden_key.obj
c:\users\217wj\desktop\1조 c팀프로젝트 최종\c 프로젝트 소스파일\c 프로젝트 server\debug\c_term server.exe
c:\users\217wj\desktop\1조 c팀프로젝트 최종\c 프로젝트 소스파일\c 프로젝트 server\debug\c_term server.ilk
c:\users\217wj\desktop\1조 c팀프로젝트 최종\c 프로젝트 소스파일\c 프로젝트 server\debug\c_term server.pdb
c:\users\sinwe\onedrive\desktop\1조 c팀프로젝트 최종\c 프로젝트 소스코드\c 프로젝트 server\c_term\debug\golden_key.obj
c:\users\sinwe\onedrive\desktop\1조 c팀프로젝트 최종\c 프로젝트 소스코드\c 프로젝트 server\c_term\debug\main.obj
c:\users\sinwe\onedrive\desktop\1조 c팀프로젝트 최종\c 프로젝트 소스코드\c 프로젝트 server\c_term\debug\zone.obj
c:\users\sinwe\onedrive\desktop\1조 c팀프로젝트 최종\c 프로젝트 소스코드\c 프로젝트 server\c_term\debug\vc142.idb
c:\users\sinwe\onedrive\desktop\1조 c팀프로젝트 최종\c 프로젝트 소스코드\c 프로젝트 server\c_term\debug\vc142.pdb
c:\users\sinwe\onedrive\desktop\1조 c팀프로젝트 최종\c 프로젝트 소스코드\c 프로젝트 server\debug\c_term server.pdb
c:\users\sinwe\onedrive\desktop\1조 c팀프로젝트 최종\c 프로젝트 소스코드\c 프로젝트 server\debug\c_term server.exe
c:\users\sinwe\onedrive\desktop\1조 c팀프로젝트 최종\c 프로젝트 소스코드\c 프로젝트 server\debug\c_term server.ilk
c:\users\sinwe\onedrive\desktop\1조 c팀프로젝트 최종\c 프로젝트 소스코드\c 프로젝트 server\c_term\debug\c_term server.tlog\cl.command.1.tlog
c:\users\sinwe\onedrive\desktop\1조 c팀프로젝트 최종\c 프로젝트 소스코드\c 프로젝트 server\c_term\debug\c_term server.tlog\cl.read.1.tlog
c:\users\sinwe\onedrive\desktop\1조 c팀프로젝트 최종\c 프로젝트 소스코드\c 프로젝트 server\c_term\debug\c_term server.tlog\cl.write.1.tlog
c:\users\sinwe\onedrive\desktop\1조 c팀프로젝트 최종\c 프로젝트 소스코드\c 프로젝트 server\c_term\debug\c_term server.tlog\link.command.1.tlog
c:\users\sinwe\onedrive\desktop\1조 c팀프로젝트 최종\c 프로젝트 소스코드\c 프로젝트 server\c_term\debug\c_term server.tlog\link.read.1.tlog
c:\users\sinwe\onedrive\desktop\1조 c팀프로젝트 최종\c 프로젝트 소스코드\c 프로젝트 server\c_term\debug\c_term server.tlog\link.write.1.tlog
