c:\users\217wj\desktop\c프로젝트_0613(수정)\c 프로젝트 server\c_term\x64\debug\vc142.pdb
c:\users\217wj\desktop\c프로젝트_0613(수정)\c 프로젝트 server\c_term\x64\debug\vc142.idb
c:\users\217wj\desktop\c프로젝트_0613(수정)\c 프로젝트 server\c_term\x64\debug\zone.obj
c:\users\217wj\desktop\c프로젝트_0613(수정)\c 프로젝트 server\c_term\x64\debug\main.obj
c:\users\217wj\desktop\c프로젝트_0613(수정)\c 프로젝트 server\c_term\x64\debug\golden_key.obj
c:\users\com\documents\카카오톡 받은 파일\c프로젝트_0613(수정)_game_over\c 프로젝트 server\c_term\x64\debug\vc142.pdb
c:\users\com\documents\카카오톡 받은 파일\c프로젝트_0613(수정)_game_over\c 프로젝트 server\c_term\x64\debug\vc142.idb
c:\users\com\documents\카카오톡 받은 파일\c프로젝트_0613(수정)_game_over\c 프로젝트 server\c_term\x64\debug\zone.obj
c:\users\com\documents\카카오톡 받은 파일\c프로젝트_0613(수정)_game_over\c 프로젝트 server\c_term\x64\debug\main.obj
c:\users\com\documents\카카오톡 받은 파일\c프로젝트_0613(수정)_game_over\c 프로젝트 server\c_term\x64\debug\golden_key.obj
c:\users\com\desktop\c프로젝트_0613(수정)_game_over\c 프로젝트 server\c_term\x64\debug\vc142.pdb
c:\users\com\desktop\c프로젝트_0613(수정)_game_over\c 프로젝트 server\c_term\x64\debug\vc142.idb
c:\users\com\desktop\c프로젝트_0613(수정)_game_over\c 프로젝트 server\c_term\x64\debug\zone.obj
c:\users\com\desktop\c프로젝트_0613(수정)_game_over\c 프로젝트 server\c_term\x64\debug\main.obj
c:\users\com\desktop\c프로젝트_0613(수정)_game_over\c 프로젝트 server\c_term\x64\debug\golden_key.obj
c:\users\sinwe\onedrive\desktop\c프로젝트_0613 최종수정 (4)\c 프로젝트 server\c_term\x64\debug\vc142.pdb
c:\users\sinwe\onedrive\desktop\c프로젝트_0613 최종수정 (4)\c 프로젝트 server\c_term\x64\debug\vc142.idb
c:\users\sinwe\onedrive\desktop\c프로젝트_0613 최종수정 (4)\c 프로젝트 server\c_term\x64\debug\zone.obj
c:\users\sinwe\onedrive\desktop\c프로젝트_0613 최종수정 (4)\c 프로젝트 server\c_term\x64\debug\main.obj
c:\users\sinwe\onedrive\desktop\c프로젝트_0613 최종수정 (4)\c 프로젝트 server\c_term\x64\debug\golden_key.obj
c:\users\217wj\desktop\c프로젝트_0613(수정)\c 프로젝트 server\x64\debug\c_term server.exe
c:\users\217wj\desktop\c프로젝트_0613(수정)\c 프로젝트 server\x64\debug\c_term server.ilk
c:\users\217wj\desktop\c프로젝트_0613(수정)\c 프로젝트 server\x64\debug\c_term server.pdb
c:\users\sinwe\onedrive\desktop\c프로젝트_0613 최종수정 (4)\c 프로젝트 server\x64\debug\c_term server.pdb
c:\users\sinwe\onedrive\desktop\c프로젝트_0613 최종수정 (4)\c 프로젝트 server\c_term\x64\debug\c_term server.tlog\cl.command.1.tlog
c:\users\sinwe\onedrive\desktop\c프로젝트_0613 최종수정 (4)\c 프로젝트 server\c_term\x64\debug\c_term server.tlog\cl.read.1.tlog
c:\users\sinwe\onedrive\desktop\c프로젝트_0613 최종수정 (4)\c 프로젝트 server\c_term\x64\debug\c_term server.tlog\cl.write.1.tlog
c:\users\sinwe\onedrive\desktop\c프로젝트_0613 최종수정 (4)\c 프로젝트 server\c_term\x64\debug\c_term server.tlog\link-cvtres.read.1.tlog
c:\users\sinwe\onedrive\desktop\c프로젝트_0613 최종수정 (4)\c 프로젝트 server\c_term\x64\debug\c_term server.tlog\link-cvtres.write.1.tlog
c:\users\sinwe\onedrive\desktop\c프로젝트_0613 최종수정 (4)\c 프로젝트 server\c_term\x64\debug\c_term server.tlog\link-rc.read.1.tlog
c:\users\sinwe\onedrive\desktop\c프로젝트_0613 최종수정 (4)\c 프로젝트 server\c_term\x64\debug\c_term server.tlog\link-rc.write.1.tlog
c:\users\sinwe\onedrive\desktop\c프로젝트_0613 최종수정 (4)\c 프로젝트 server\c_term\x64\debug\c_term server.tlog\link.command.1.tlog
c:\users\sinwe\onedrive\desktop\c프로젝트_0613 최종수정 (4)\c 프로젝트 server\c_term\x64\debug\c_term server.tlog\link.read.1.tlog
c:\users\sinwe\onedrive\desktop\c프로젝트_0613 최종수정 (4)\c 프로젝트 server\c_term\x64\debug\c_term server.tlog\link.write.1.tlog
