C:\Program Files (x86)\Microsoft Visual Studio\2019\Community\MSBuild\Microsoft\VC\v160\Microsoft.CppBuild.targets(519,5): warning MSB8028: 중간 디렉터리(x64\Debug\)에 다른 프로젝트(C_TERM.vcxproj)에서 공유하는 파일이 포함되어 있습니다.  이로 인해 잘못된 정리 및 다시 빌드 동작이 수행될 수 있습니다.
  main.c
C:\Users\217wj\Desktop\1조 C팀프로젝트 최종\C 프로젝트 소스파일\C 프로젝트 Server\C_TERM\main.c(201,3): warning C4098: 'main': 'void' 함수에서 값을 반환하고 있습니다.
C:\Users\217wj\Desktop\1조 C팀프로젝트 최종\C 프로젝트 소스파일\C 프로젝트 Server\C_TERM\main.c(212,17): warning C4098: 'main': 'void' 함수에서 값을 반환하고 있습니다.
C:\Users\217wj\Desktop\1조 C팀프로젝트 최종\C 프로젝트 소스파일\C 프로젝트 Server\C_TERM\main.c(223,33): warning C4098: 'main': 'void' 함수에서 값을 반환하고 있습니다.
C:\Users\217wj\Desktop\1조 C팀프로젝트 최종\C 프로젝트 소스파일\C 프로젝트 Server\C_TERM\main.c(229,33): warning C4098: 'main': 'void' 함수에서 값을 반환하고 있습니다.
C:\Users\217wj\Desktop\1조 C팀프로젝트 최종\C 프로젝트 소스파일\C 프로젝트 Server\C_TERM\main.c(244,33): warning C4098: 'main': 'void' 함수에서 값을 반환하고 있습니다.
C:\Users\217wj\Desktop\1조 C팀프로젝트 최종\C 프로젝트 소스파일\C 프로젝트 Server\C_TERM\main.c(370,38): warning C4267: '함수': 'size_t'에서 'int'(으)로 변환하면서 데이터가 손실될 수 있습니다.
C:\Users\217wj\Desktop\1조 C팀프로젝트 최종\C 프로젝트 소스파일\C 프로젝트 Server\C_TERM\main.c(383,36): warning C4267: '함수': 'size_t'에서 'int'(으)로 변환하면서 데이터가 손실될 수 있습니다.
C:\Users\217wj\Desktop\1조 C팀프로젝트 최종\C 프로젝트 소스파일\C 프로젝트 Server\C_TERM\main.c(386,26): warning C4047: '!=': 'int (__cdecl *)(void)'의 간접 참조 수준이 'int'과(와) 다릅니다.
C:\Users\217wj\Desktop\1조 C팀프로젝트 최종\C 프로젝트 소스파일\C 프로젝트 Server\C_TERM\main.c(391,9): warning C4013: 'gets'이(가) 정의되지 않았습니다. extern은 int형을 반환하는 것으로 간주합니다.
C:\Users\217wj\Desktop\1조 C팀프로젝트 최종\C 프로젝트 소스파일\C 프로젝트 Server\C_TERM\main.c(392,41): warning C4267: '함수': 'size_t'에서 'int'(으)로 변환하면서 데이터가 손실될 수 있습니다.
C:\Users\217wj\Desktop\1조 C팀프로젝트 최종\C 프로젝트 소스파일\C 프로젝트 Server\C_TERM\main.c(417,36): warning C4267: '함수': 'size_t'에서 'int'(으)로 변환하면서 데이터가 손실될 수 있습니다.
C:\Users\217wj\Desktop\1조 C팀프로젝트 최종\C 프로젝트 소스파일\C 프로젝트 Server\C_TERM\main.c(545,43): warning C4267: '함수': 'size_t'에서 'int'(으)로 변환하면서 데이터가 손실될 수 있습니다.
C:\Users\217wj\Desktop\1조 C팀프로젝트 최종\C 프로젝트 소스파일\C 프로젝트 Server\C_TERM\main.c(588,41): warning C4267: '함수': 'size_t'에서 'int'(으)로 변환하면서 데이터가 손실될 수 있습니다.
C:\Users\217wj\Desktop\1조 C팀프로젝트 최종\C 프로젝트 소스파일\C 프로젝트 Server\C_TERM\main.c(589,41): warning C4267: '함수': 'size_t'에서 'int'(으)로 변환하면서 데이터가 손실될 수 있습니다.
C:\Users\217wj\Desktop\1조 C팀프로젝트 최종\C 프로젝트 소스파일\C 프로젝트 Server\C_TERM\main.c(606,42): warning C4267: '함수': 'size_t'에서 'int'(으)로 변환하면서 데이터가 손실될 수 있습니다.
C:\Users\217wj\Desktop\1조 C팀프로젝트 최종\C 프로젝트 소스파일\C 프로젝트 Server\C_TERM\main.c(632,37): warning C4267: '함수': 'size_t'에서 'int'(으)로 변환하면서 데이터가 손실될 수 있습니다.
C:\Users\217wj\Desktop\1조 C팀프로젝트 최종\C 프로젝트 소스파일\C 프로젝트 Server\C_TERM\main.c(657,46): warning C4267: '함수': 'size_t'에서 'int'(으)로 변환하면서 데이터가 손실될 수 있습니다.
C:\Users\217wj\Desktop\1조 C팀프로젝트 최종\C 프로젝트 소스파일\C 프로젝트 Server\C_TERM\main.c(695,43): warning C4267: '함수': 'size_t'에서 'int'(으)로 변환하면서 데이터가 손실될 수 있습니다.
C:\Users\217wj\Desktop\1조 C팀프로젝트 최종\C 프로젝트 소스파일\C 프로젝트 Server\C_TERM\main.c(722,42): warning C4267: '함수': 'size_t'에서 'int'(으)로 변환하면서 데이터가 손실될 수 있습니다.
C:\Users\217wj\Desktop\1조 C팀프로젝트 최종\C 프로젝트 소스파일\C 프로젝트 Server\C_TERM\main.c(753,43): warning C4267: '함수': 'size_t'에서 'int'(으)로 변환하면서 데이터가 손실될 수 있습니다.
C:\Users\217wj\Desktop\1조 C팀프로젝트 최종\C 프로젝트 소스파일\C 프로젝트 Server\C_TERM\main.c(784,42): warning C4267: '함수': 'size_t'에서 'int'(으)로 변환하면서 데이터가 손실될 수 있습니다.
C:\Users\217wj\Desktop\1조 C팀프로젝트 최종\C 프로젝트 소스파일\C 프로젝트 Server\C_TERM\main.c(993,39): warning C4047: '==': 'int'의 간접 참조 수준이 'void *'과(와) 다릅니다.
C:\Users\217wj\Desktop\1조 C팀프로젝트 최종\C 프로젝트 소스파일\C 프로젝트 Server\C_TERM\main.c(1050,42): warning C4267: '함수': 'size_t'에서 'int'(으)로 변환하면서 데이터가 손실될 수 있습니다.
C:\Users\217wj\Desktop\1조 C팀프로젝트 최종\C 프로젝트 소스파일\C 프로젝트 Server\C_TERM\main.c(1076,42): warning C4267: '함수': 'size_t'에서 'int'(으)로 변환하면서 데이터가 손실될 수 있습니다.
C:\Users\217wj\Desktop\1조 C팀프로젝트 최종\C 프로젝트 소스파일\C 프로젝트 Server\C_TERM\main.c(1129,42): warning C4267: '함수': 'size_t'에서 'int'(으)로 변환하면서 데이터가 손실될 수 있습니다.
C:\Users\217wj\Desktop\1조 C팀프로젝트 최종\C 프로젝트 소스파일\C 프로젝트 Server\C_TERM\main.c(1143,42): warning C4267: '함수': 'size_t'에서 'int'(으)로 변환하면서 데이터가 손실될 수 있습니다.
C:\Users\217wj\Desktop\1조 C팀프로젝트 최종\C 프로젝트 소스파일\C 프로젝트 Server\C_TERM\main.c(1155,43): warning C4267: '함수': 'size_t'에서 'int'(으)로 변환하면서 데이터가 손실될 수 있습니다.
C:\Users\217wj\Desktop\1조 C팀프로젝트 최종\C 프로젝트 소스파일\C 프로젝트 Server\C_TERM\main.c(1169,43): warning C4267: '함수': 'size_t'에서 'int'(으)로 변환하면서 데이터가 손실될 수 있습니다.
C:\Users\217wj\Desktop\1조 C팀프로젝트 최종\C 프로젝트 소스파일\C 프로젝트 Server\C_TERM\main.c(1191,39): warning C4047: '==': 'int'의 간접 참조 수준이 'void *'과(와) 다릅니다.
C:\Users\217wj\Desktop\1조 C팀프로젝트 최종\C 프로젝트 소스파일\C 프로젝트 Server\C_TERM\main.c(1206,44): warning C4267: '함수': 'size_t'에서 'int'(으)로 변환하면서 데이터가 손실될 수 있습니다.
C:\Users\217wj\Desktop\1조 C팀프로젝트 최종\C 프로젝트 소스파일\C 프로젝트 Server\C_TERM\main.c(1276,37): warning C4267: '함수': 'size_t'에서 'int'(으)로 변환하면서 데이터가 손실될 수 있습니다.
C:\Users\217wj\Desktop\1조 C팀프로젝트 최종\C 프로젝트 소스파일\C 프로젝트 Server\C_TERM\main.c(1290,42): warning C4267: '함수': 'size_t'에서 'int'(으)로 변환하면서 데이터가 손실될 수 있습니다.
C:\Users\217wj\Desktop\1조 C팀프로젝트 최종\C 프로젝트 소스파일\C 프로젝트 Server\C_TERM\main.c(1336,44): warning C4267: '함수': 'size_t'에서 'int'(으)로 변환하면서 데이터가 손실될 수 있습니다.
C:\Users\217wj\Desktop\1조 C팀프로젝트 최종\C 프로젝트 소스파일\C 프로젝트 Server\C_TERM\main.c(1367,45): warning C4267: '함수': 'size_t'에서 'int'(으)로 변환하면서 데이터가 손실될 수 있습니다.
C:\Users\217wj\Desktop\1조 C팀프로젝트 최종\C 프로젝트 소스파일\C 프로젝트 Server\C_TERM\main.c(1392,42): warning C4267: '함수': 'size_t'에서 'int'(으)로 변환하면서 데이터가 손실될 수 있습니다.
C:\Users\217wj\Desktop\1조 C팀프로젝트 최종\C 프로젝트 소스파일\C 프로젝트 Server\C_TERM\main.c(1414,42): warning C4267: '함수': 'size_t'에서 'int'(으)로 변환하면서 데이터가 손실될 수 있습니다.
C:\Users\217wj\Desktop\1조 C팀프로젝트 최종\C 프로젝트 소스파일\C 프로젝트 Server\C_TERM\main.c(1436,45): warning C4267: '함수': 'size_t'에서 'int'(으)로 변환하면서 데이터가 손실될 수 있습니다.
C:\Users\217wj\Desktop\1조 C팀프로젝트 최종\C 프로젝트 소스파일\C 프로젝트 Server\C_TERM\main.c(1485,44): warning C4267: '함수': 'size_t'에서 'int'(으)로 변환하면서 데이터가 손실될 수 있습니다.
C:\Users\217wj\Desktop\1조 C팀프로젝트 최종\C 프로젝트 소스파일\C 프로젝트 Server\C_TERM\main.c(1518,45): warning C4267: '함수': 'size_t'에서 'int'(으)로 변환하면서 데이터가 손실될 수 있습니다.
C:\Users\217wj\Desktop\1조 C팀프로젝트 최종\C 프로젝트 소스파일\C 프로젝트 Server\C_TERM\main.c(1546,45): warning C4267: '함수': 'size_t'에서 'int'(으)로 변환하면서 데이터가 손실될 수 있습니다.
C:\Users\217wj\Desktop\1조 C팀프로젝트 최종\C 프로젝트 소스파일\C 프로젝트 Server\C_TERM\main.c(1581,44): warning C4267: '함수': 'size_t'에서 'int'(으)로 변환하면서 데이터가 손실될 수 있습니다.
C:\Users\217wj\Desktop\1조 C팀프로젝트 최종\C 프로젝트 소스파일\C 프로젝트 Server\C_TERM\main.c(1615,45): warning C4267: '함수': 'size_t'에서 'int'(으)로 변환하면서 데이터가 손실될 수 있습니다.
C:\Users\217wj\Desktop\1조 C팀프로젝트 최종\C 프로젝트 소스파일\C 프로젝트 Server\C_TERM\main.c(1645,45): warning C4267: '함수': 'size_t'에서 'int'(으)로 변환하면서 데이터가 손실될 수 있습니다.
C:\Users\217wj\Desktop\1조 C팀프로젝트 최종\C 프로젝트 소스파일\C 프로젝트 Server\C_TERM\main.c(1681,44): warning C4267: '함수': 'size_t'에서 'int'(으)로 변환하면서 데이터가 손실될 수 있습니다.
C:\Users\217wj\Desktop\1조 C팀프로젝트 최종\C 프로젝트 소스파일\C 프로젝트 Server\C_TERM\main.c(1715,45): warning C4267: '함수': 'size_t'에서 'int'(으)로 변환하면서 데이터가 손실될 수 있습니다.
C:\Users\217wj\Desktop\1조 C팀프로젝트 최종\C 프로젝트 소스파일\C 프로젝트 Server\C_TERM\main.c(1745,45): warning C4267: '함수': 'size_t'에서 'int'(으)로 변환하면서 데이터가 손실될 수 있습니다.
C:\Users\217wj\Desktop\1조 C팀프로젝트 최종\C 프로젝트 소스파일\C 프로젝트 Server\C_TERM\main.c(1785,43): warning C4267: '함수': 'size_t'에서 'int'(으)로 변환하면서 데이터가 손실될 수 있습니다.
C:\Users\217wj\Desktop\1조 C팀프로젝트 최종\C 프로젝트 소스파일\C 프로젝트 Server\C_TERM\main.c(1838,42): warning C4267: '함수': 'size_t'에서 'int'(으)로 변환하면서 데이터가 손실될 수 있습니다.
C:\Users\217wj\Desktop\1조 C팀프로젝트 최종\C 프로젝트 소스파일\C 프로젝트 Server\C_TERM\main.c(1871,41): warning C4267: '함수': 'size_t'에서 'int'(으)로 변환하면서 데이터가 손실될 수 있습니다.
C:\Users\217wj\Desktop\1조 C팀프로젝트 최종\C 프로젝트 소스파일\C 프로젝트 Server\C_TERM\main.c(1898,38): warning C4267: '함수': 'size_t'에서 'int'(으)로 변환하면서 데이터가 손실될 수 있습니다.
C:\Users\217wj\Desktop\1조 C팀프로젝트 최종\C 프로젝트 소스파일\C 프로젝트 Server\C_TERM\main.c(1937,41): warning C4267: '함수': 'size_t'에서 'int'(으)로 변환하면서 데이터가 손실될 수 있습니다.
C:\Users\217wj\Desktop\1조 C팀프로젝트 최종\C 프로젝트 소스파일\C 프로젝트 Server\C_TERM\main.c(1959,41): warning C4267: '함수': 'size_t'에서 'int'(으)로 변환하면서 데이터가 손실될 수 있습니다.
C:\Users\217wj\Desktop\1조 C팀프로젝트 최종\C 프로젝트 소스파일\C 프로젝트 Server\C_TERM\main.c(1982,43): warning C4267: '함수': 'size_t'에서 'int'(으)로 변환하면서 데이터가 손실될 수 있습니다.
C:\Users\217wj\Desktop\1조 C팀프로젝트 최종\C 프로젝트 소스파일\C 프로젝트 Server\C_TERM\main.c(2068,42): warning C4267: '함수': 'size_t'에서 'int'(으)로 변환하면서 데이터가 손실될 수 있습니다.
C:\Users\217wj\Desktop\1조 C팀프로젝트 최종\C 프로젝트 소스파일\C 프로젝트 Server\C_TERM\main.c(2092,42): warning C4267: '함수': 'size_t'에서 'int'(으)로 변환하면서 데이터가 손실될 수 있습니다.
C:\Users\217wj\Desktop\1조 C팀프로젝트 최종\C 프로젝트 소스파일\C 프로젝트 Server\C_TERM\main.c(2098,24): warning C4047: '=': 'char'의 간접 참조 수준이 'void *'과(와) 다릅니다.
C:\Users\217wj\Desktop\1조 C팀프로젝트 최종\C 프로젝트 소스파일\C 프로젝트 Server\C_TERM\main.c(2132,40): warning C4267: '함수': 'size_t'에서 'int'(으)로 변환하면서 데이터가 손실될 수 있습니다.
C:\Users\217wj\Desktop\1조 C팀프로젝트 최종\C 프로젝트 소스파일\C 프로젝트 Server\C_TERM\main.c(2200,26): warning C4047: '=': 'int'의 간접 참조 수준이 'void *'과(와) 다릅니다.
C:\Users\217wj\Desktop\1조 C팀프로젝트 최종\C 프로젝트 소스파일\C 프로젝트 Server\C_TERM\main.c(2227,41): warning C4267: '함수': 'size_t'에서 'int'(으)로 변환하면서 데이터가 손실될 수 있습니다.
C:\Users\217wj\Desktop\1조 C팀프로젝트 최종\C 프로젝트 소스파일\C 프로젝트 Server\C_TERM\main.c(2266,37): warning C4267: '함수': 'size_t'에서 'int'(으)로 변환하면서 데이터가 손실될 수 있습니다.
C:\Users\217wj\Desktop\1조 C팀프로젝트 최종\C 프로젝트 소스파일\C 프로젝트 Server\C_TERM\main.c(2332,42): warning C4267: '함수': 'size_t'에서 'int'(으)로 변환하면서 데이터가 손실될 수 있습니다.
C:\Users\217wj\Desktop\1조 C팀프로젝트 최종\C 프로젝트 소스파일\C 프로젝트 Server\C_TERM\main.c(2390,41): warning C4267: '함수': 'size_t'에서 'int'(으)로 변환하면서 데이터가 손실될 수 있습니다.
C:\Users\217wj\Desktop\1조 C팀프로젝트 최종\C 프로젝트 소스파일\C 프로젝트 Server\C_TERM\main.c(2432,43): warning C4267: '함수': 'size_t'에서 'int'(으)로 변환하면서 데이터가 손실될 수 있습니다.
C:\Users\217wj\Desktop\1조 C팀프로젝트 최종\C 프로젝트 소스파일\C 프로젝트 Server\C_TERM\main.c(2475,24): warning C4047: '=': 'char'의 간접 참조 수준이 'void *'과(와) 다릅니다.
C:\Users\217wj\Desktop\1조 C팀프로젝트 최종\C 프로젝트 소스파일\C 프로젝트 Server\C_TERM\main.c(2509,39): warning C4267: '함수': 'size_t'에서 'int'(으)로 변환하면서 데이터가 손실될 수 있습니다.
C:\Users\217wj\Desktop\1조 C팀프로젝트 최종\C 프로젝트 소스파일\C 프로젝트 Server\C_TERM\main.c(2565,41): warning C4267: '함수': 'size_t'에서 'int'(으)로 변환하면서 데이터가 손실될 수 있습니다.
C:\Users\217wj\Desktop\1조 C팀프로젝트 최종\C 프로젝트 소스파일\C 프로젝트 Server\C_TERM\main.c(2594,37): warning C4267: '함수': 'size_t'에서 'int'(으)로 변환하면서 데이터가 손실될 수 있습니다.
C:\Users\217wj\Desktop\1조 C팀프로젝트 최종\C 프로젝트 소스파일\C 프로젝트 Server\C_TERM\main.c(2620,41): warning C4267: '함수': 'size_t'에서 'int'(으)로 변환하면서 데이터가 손실될 수 있습니다.
C:\Users\217wj\Desktop\1조 C팀프로젝트 최종\C 프로젝트 소스파일\C 프로젝트 Server\C_TERM\main.c(2780,20): warning C4047: '=': 'int'의 간접 참조 수준이 'void *'과(와) 다릅니다.
C:\Users\217wj\Desktop\1조 C팀프로젝트 최종\C 프로젝트 소스파일\C 프로젝트 Server\C_TERM\main.c(2788,41): warning C4267: '함수': 'size_t'에서 'int'(으)로 변환하면서 데이터가 손실될 수 있습니다.
C:\Users\217wj\Desktop\1조 C팀프로젝트 최종\C 프로젝트 소스파일\C 프로젝트 Server\C_TERM\main.c(2817,41): warning C4267: '함수': 'size_t'에서 'int'(으)로 변환하면서 데이터가 손실될 수 있습니다.
C:\Users\217wj\Desktop\1조 C팀프로젝트 최종\C 프로젝트 소스파일\C 프로젝트 Server\C_TERM\main.c(2845,41): warning C4267: '함수': 'size_t'에서 'int'(으)로 변환하면서 데이터가 손실될 수 있습니다.
C:\Users\217wj\Desktop\1조 C팀프로젝트 최종\C 프로젝트 소스파일\C 프로젝트 Server\C_TERM\main.c(2883,41): warning C4267: '함수': 'size_t'에서 'int'(으)로 변환하면서 데이터가 손실될 수 있습니다.
C:\Users\217wj\Desktop\1조 C팀프로젝트 최종\C 프로젝트 소스파일\C 프로젝트 Server\C_TERM\main.c(2915,20): warning C4047: '=': 'int'의 간접 참조 수준이 'void *'과(와) 다릅니다.
C:\Users\217wj\Desktop\1조 C팀프로젝트 최종\C 프로젝트 소스파일\C 프로젝트 Server\C_TERM\main.c(2923,41): warning C4267: '함수': 'size_t'에서 'int'(으)로 변환하면서 데이터가 손실될 수 있습니다.
C:\Users\217wj\Desktop\1조 C팀프로젝트 최종\C 프로젝트 소스파일\C 프로젝트 Server\C_TERM\main.c(2955,20): warning C4047: '=': 'int'의 간접 참조 수준이 'void *'과(와) 다릅니다.
C:\Users\217wj\Desktop\1조 C팀프로젝트 최종\C 프로젝트 소스파일\C 프로젝트 Server\C_TERM\main.c(2963,41): warning C4267: '함수': 'size_t'에서 'int'(으)로 변환하면서 데이터가 손실될 수 있습니다.
C:\Users\217wj\Desktop\1조 C팀프로젝트 최종\C 프로젝트 소스파일\C 프로젝트 Server\C_TERM\main.c(2991,41): warning C4267: '함수': 'size_t'에서 'int'(으)로 변환하면서 데이터가 손실될 수 있습니다.
C:\Users\217wj\Desktop\1조 C팀프로젝트 최종\C 프로젝트 소스파일\C 프로젝트 Server\C_TERM\main.c(3049,41): warning C4267: '함수': 'size_t'에서 'int'(으)로 변환하면서 데이터가 손실될 수 있습니다.
C:\Users\217wj\Desktop\1조 C팀프로젝트 최종\C 프로젝트 소스파일\C 프로젝트 Server\C_TERM\main.c(3078,41): warning C4267: '함수': 'size_t'에서 'int'(으)로 변환하면서 데이터가 손실될 수 있습니다.
C:\Users\217wj\Desktop\1조 C팀프로젝트 최종\C 프로젝트 소스파일\C 프로젝트 Server\C_TERM\main.c(3105,41): warning C4267: '함수': 'size_t'에서 'int'(으)로 변환하면서 데이터가 손실될 수 있습니다.
C:\Users\217wj\Desktop\1조 C팀프로젝트 최종\C 프로젝트 소스파일\C 프로젝트 Server\C_TERM\main.c(3169,42): warning C4267: '함수': 'size_t'에서 'int'(으)로 변환하면서 데이터가 손실될 수 있습니다.
C:\Users\217wj\Desktop\1조 C팀프로젝트 최종\C 프로젝트 소스파일\C 프로젝트 Server\C_TERM\main.c(3185,20): warning C4047: '=': 'int'의 간접 참조 수준이 'void *'과(와) 다릅니다.
C:\Users\217wj\Desktop\1조 C팀프로젝트 최종\C 프로젝트 소스파일\C 프로젝트 Server\C_TERM\main.c(3200,41): warning C4267: '함수': 'size_t'에서 'int'(으)로 변환하면서 데이터가 손실될 수 있습니다.
C:\Users\217wj\Desktop\1조 C팀프로젝트 최종\C 프로젝트 소스파일\C 프로젝트 Server\C_TERM\main.c(3228,41): warning C4267: '함수': 'size_t'에서 'int'(으)로 변환하면서 데이터가 손실될 수 있습니다.
C:\Users\217wj\Desktop\1조 C팀프로젝트 최종\C 프로젝트 소스파일\C 프로젝트 Server\C_TERM\main.c(3281,42): warning C4267: '함수': 'size_t'에서 'int'(으)로 변환하면서 데이터가 손실될 수 있습니다.
C:\Users\217wj\Desktop\1조 C팀프로젝트 최종\C 프로젝트 소스파일\C 프로젝트 Server\C_TERM\main.c(3296,20): warning C4047: '=': 'int'의 간접 참조 수준이 'void *'과(와) 다릅니다.
C:\Users\217wj\Desktop\1조 C팀프로젝트 최종\C 프로젝트 소스파일\C 프로젝트 Server\C_TERM\main.c(3311,41): warning C4267: '함수': 'size_t'에서 'int'(으)로 변환하면서 데이터가 손실될 수 있습니다.
C:\Users\217wj\Desktop\1조 C팀프로젝트 최종\C 프로젝트 소스파일\C 프로젝트 Server\C_TERM\main.c(3362,42): warning C4267: '함수': 'size_t'에서 'int'(으)로 변환하면서 데이터가 손실될 수 있습니다.
C:\Users\217wj\Desktop\1조 C팀프로젝트 최종\C 프로젝트 소스파일\C 프로젝트 Server\C_TERM\main.c(3384,27): warning C4047: '=': 'int'의 간접 참조 수준이 'void *'과(와) 다릅니다.
C:\Users\217wj\Desktop\1조 C팀프로젝트 최종\C 프로젝트 소스파일\C 프로젝트 Server\C_TERM\main.c(3385,27): warning C4047: '=': 'int'의 간접 참조 수준이 'void *'과(와) 다릅니다.
C:\Users\217wj\Desktop\1조 C팀프로젝트 최종\C 프로젝트 소스파일\C 프로젝트 Server\C_TERM\main.c(3386,30): warning C4047: '=': 'int'의 간접 참조 수준이 'void *'과(와) 다릅니다.
C:\Users\217wj\Desktop\1조 C팀프로젝트 최종\C 프로젝트 소스파일\C 프로젝트 Server\C_TERM\main.c(3387,27): warning C4047: '=': 'int'의 간접 참조 수준이 'void *'과(와) 다릅니다.
C:\Users\217wj\Desktop\1조 C팀프로젝트 최종\C 프로젝트 소스파일\C 프로젝트 Server\C_TERM\main.c(3418,42): warning C4267: '함수': 'size_t'에서 'int'(으)로 변환하면서 데이터가 손실될 수 있습니다.
C:\Users\217wj\Desktop\1조 C팀프로젝트 최종\C 프로젝트 소스파일\C 프로젝트 Server\C_TERM\main.c(3485,42): warning C4267: '함수': 'size_t'에서 'int'(으)로 변환하면서 데이터가 손실될 수 있습니다.
C:\Users\217wj\Desktop\1조 C팀프로젝트 최종\C 프로젝트 소스파일\C 프로젝트 Server\C_TERM\main.c(3501,20): warning C4047: '=': 'int'의 간접 참조 수준이 'void *'과(와) 다릅니다.
C:\Users\217wj\Desktop\1조 C팀프로젝트 최종\C 프로젝트 소스파일\C 프로젝트 Server\C_TERM\main.c(3548,41): warning C4267: '함수': 'size_t'에서 'int'(으)로 변환하면서 데이터가 손실될 수 있습니다.
C:\Users\217wj\Desktop\1조 C팀프로젝트 최종\C 프로젝트 소스파일\C 프로젝트 Server\C_TERM\main.c(3578,41): warning C4267: '함수': 'size_t'에서 'int'(으)로 변환하면서 데이터가 손실될 수 있습니다.
C:\Users\217wj\Desktop\1조 C팀프로젝트 최종\C 프로젝트 소스파일\C 프로젝트 Server\C_TERM\main.c(3624,42): warning C4267: '함수': 'size_t'에서 'int'(으)로 변환하면서 데이터가 손실될 수 있습니다.
C:\Users\217wj\Desktop\1조 C팀프로젝트 최종\C 프로젝트 소스파일\C 프로젝트 Server\C_TERM\main.c(3646,27): warning C4047: '=': 'int'의 간접 참조 수준이 'void *'과(와) 다릅니다.
C:\Users\217wj\Desktop\1조 C팀프로젝트 최종\C 프로젝트 소스파일\C 프로젝트 Server\C_TERM\main.c(3647,27): warning C4047: '=': 'int'의 간접 참조 수준이 'void *'과(와) 다릅니다.
C:\Users\217wj\Desktop\1조 C팀프로젝트 최종\C 프로젝트 소스파일\C 프로젝트 Server\C_TERM\main.c(3648,30): warning C4047: '=': 'int'의 간접 참조 수준이 'void *'과(와) 다릅니다.
C:\Users\217wj\Desktop\1조 C팀프로젝트 최종\C 프로젝트 소스파일\C 프로젝트 Server\C_TERM\main.c(3649,27): warning C4047: '=': 'int'의 간접 참조 수준이 'void *'과(와) 다릅니다.
C:\Users\217wj\Desktop\1조 C팀프로젝트 최종\C 프로젝트 소스파일\C 프로젝트 Server\C_TERM\main.c(3679,42): warning C4267: '함수': 'size_t'에서 'int'(으)로 변환하면서 데이터가 손실될 수 있습니다.
C:\Users\217wj\Desktop\1조 C팀프로젝트 최종\C 프로젝트 소스파일\C 프로젝트 Server\C_TERM\main.c(3708,25): warning C4047: '!=': 'int'의 간접 참조 수준이 'void *'과(와) 다릅니다.
C:\Users\217wj\Desktop\1조 C팀프로젝트 최종\C 프로젝트 소스파일\C 프로젝트 Server\C_TERM\main.c(3737,29): warning C4047: '!=': 'int'의 간접 참조 수준이 'void *'과(와) 다릅니다.
C:\Users\217wj\Desktop\1조 C팀프로젝트 최종\C 프로젝트 소스파일\C 프로젝트 Server\C_TERM\main.c(3809,4): warning C4098: 'main': 'void' 함수에서 값을 반환하고 있습니다.
C:\Users\217wj\Desktop\1조 C팀프로젝트 최종\C 프로젝트 소스파일\C 프로젝트 Server\C_TERM\main.c(269,1): warning C4047: '초기화 중': 'int'의 간접 참조 수준이 'void *'과(와) 다릅니다.
C:\Users\217wj\Desktop\1조 C팀프로젝트 최종\C 프로젝트 소스파일\C 프로젝트 Server\C_TERM\main.c(280,1): warning C4047: '초기화 중': 'int'의 간접 참조 수준이 'void *'과(와) 다릅니다.
C:\Users\217wj\Desktop\1조 C팀프로젝트 최종\C 프로젝트 소스파일\C 프로젝트 Server\C_TERM\main.c(281,1): warning C4047: '초기화 중': 'int'의 간접 참조 수준이 'void *'과(와) 다릅니다.
C:\Users\217wj\Desktop\1조 C팀프로젝트 최종\C 프로젝트 소스파일\C 프로젝트 Server\C_TERM\main.c(307,7): warning C4101: 'OEKEY_buf' :참조되지 않은 지역 변수입니다.
C:\Users\217wj\Desktop\1조 C팀프로젝트 최종\C 프로젝트 소스파일\C 프로젝트 Server\C_TERM\main.c(186,13): warning C4101: 'cs' :참조되지 않은 지역 변수입니다.
main.obj : error LNK2019: FMOD_System_Createfmod_Init 함수에서 참조되는 확인할 수 없는 외부 기호
main.obj : error LNK2019: FMOD_System_Releasefmod_Release 함수에서 참조되는 확인할 수 없는 외부 기호
main.obj : error LNK2019: FMOD_System_Initfmod_Init 함수에서 참조되는 확인할 수 없는 외부 기호
main.obj : error LNK2019: FMOD_System_Closefmod_Release 함수에서 참조되는 확인할 수 없는 외부 기호
main.obj : error LNK2019: FMOD_System_CreateSoundfmod_Init 함수에서 참조되는 확인할 수 없는 외부 기호
main.obj : error LNK2019: FMOD_System_PlaySoundmain 함수에서 참조되는 확인할 수 없는 외부 기호
main.obj : error LNK2019: FMOD_Sound_Releasefmod_Release 함수에서 참조되는 확인할 수 없는 외부 기호
main.obj : error LNK2019: FMOD_Channel_Stopmain 함수에서 참조되는 확인할 수 없는 외부 기호
C:\Program Files (x86)\FMOD SoundSystem\FMOD Programmers API Win32\api\lib\fmodex_vc.lib : warning LNK4272: 'x86' 라이브러리 컴퓨터 종류가 'x64' 대상 컴퓨터 종류와 충돌합니다.
C:\Users\217wj\Desktop\1조 C팀프로젝트 최종\C 프로젝트 소스파일\C 프로젝트 Server\x64\Debug\C_TERM Server.exe : fatal error LNK1120: 8개의 확인할 수 없는 외부 참조입니다.
