c:\users\217wj\desktop\1조 c팀프로젝트 최종\c 프로젝트 소스파일\c 프로젝트 client\c_term\debug\vc142.pdb
c:\users\217wj\desktop\1조 c팀프로젝트 최종\c 프로젝트 소스파일\c 프로젝트 client\c_term\debug\vc142.idb
c:\users\217wj\desktop\1조 c팀프로젝트 최종\c 프로젝트 소스파일\c 프로젝트 client\c_term\debug\zone.obj
c:\users\217wj\desktop\1조 c팀프로젝트 최종\c 프로젝트 소스파일\c 프로젝트 client\c_term\debug\main.obj
c:\users\217wj\desktop\1조 c팀프로젝트 최종\c 프로젝트 소스파일\c 프로젝트 client\c_term\debug\golden_key.obj
c:\users\217wj\desktop\1조 c팀프로젝트 최종\c 프로젝트 소스파일\c 프로젝트 client\debug\c_term client.exe
c:\users\217wj\desktop\1조 c팀프로젝트 최종\c 프로젝트 소스파일\c 프로젝트 client\debug\c_term client.ilk
c:\users\217wj\desktop\1조 c팀프로젝트 최종\c 프로젝트 소스파일\c 프로젝트 client\debug\c_term client.pdb
c:\users\sinwe\onedrive\desktop\1조 c팀프로젝트 최종\c 프로젝트 소스코드\c 프로젝트 client\c_term\debug\golden_key.obj
c:\users\sinwe\onedrive\desktop\1조 c팀프로젝트 최종\c 프로젝트 소스코드\c 프로젝트 client\c_term\debug\main.obj
c:\users\sinwe\onedrive\desktop\1조 c팀프로젝트 최종\c 프로젝트 소스코드\c 프로젝트 client\c_term\debug\zone.obj
c:\users\sinwe\onedrive\desktop\1조 c팀프로젝트 최종\c 프로젝트 소스코드\c 프로젝트 client\c_term\debug\vc142.idb
c:\users\sinwe\onedrive\desktop\1조 c팀프로젝트 최종\c 프로젝트 소스코드\c 프로젝트 client\c_term\debug\vc142.pdb
c:\users\sinwe\onedrive\desktop\1조 c팀프로젝트 최종\c 프로젝트 소스코드\c 프로젝트 client\debug\c_term client.pdb
c:\users\sinwe\onedrive\desktop\1조 c팀프로젝트 최종\c 프로젝트 소스코드\c 프로젝트 client\debug\c_term client.exe
c:\users\sinwe\onedrive\desktop\1조 c팀프로젝트 최종\c 프로젝트 소스코드\c 프로젝트 client\debug\c_term client.ilk
c:\users\sinwe\onedrive\desktop\1조 c팀프로젝트 최종\c 프로젝트 소스코드\c 프로젝트 client\c_term\debug\c_term client.tlog\cl.command.1.tlog
c:\users\sinwe\onedrive\desktop\1조 c팀프로젝트 최종\c 프로젝트 소스코드\c 프로젝트 client\c_term\debug\c_term client.tlog\cl.read.1.tlog
c:\users\sinwe\onedrive\desktop\1조 c팀프로젝트 최종\c 프로젝트 소스코드\c 프로젝트 client\c_term\debug\c_term client.tlog\cl.write.1.tlog
c:\users\sinwe\onedrive\desktop\1조 c팀프로젝트 최종\c 프로젝트 소스코드\c 프로젝트 client\c_term\debug\c_term client.tlog\link.command.1.tlog
c:\users\sinwe\onedrive\desktop\1조 c팀프로젝트 최종\c 프로젝트 소스코드\c 프로젝트 client\c_term\debug\c_term client.tlog\link.read.1.tlog
c:\users\sinwe\onedrive\desktop\1조 c팀프로젝트 최종\c 프로젝트 소스코드\c 프로젝트 client\c_term\debug\c_term client.tlog\link.write.1.tlog
